Archive member included to satisfy reference by file (symbol)

/opt/microchip/xc8/v2.30/avr/bin/../lib/gcc/avr/5.4.0/avrxmega3/libgcc.a(_exit.o)
                              /opt/microchip/mplabx/v5.40/packs/Microchip/ATmega_DFP/2.2.108/xc8/avr/lib/avrxmega3/crtatmega4809.o (exit)
/opt/microchip/xc8/v2.30/avr/bin/../lib/gcc/avr/5.4.0/avrxmega3/libgcc.a(_copy_data.o)
                              build/default/production/main.o (__do_clear_bss)
/opt/microchip/xc8/v2.30/avr/bin/../lib/gcc/avr/5.4.0/../../../../avr/lib/avrxmega3/libc.a(sprintf.o)
                              build/default/production/main.o (sprintf)
/opt/microchip/xc8/v2.30/avr/bin/../lib/gcc/avr/5.4.0/../../../../avr/lib/avrxmega3/libc.a(vfprintf_std.o)
                              /opt/microchip/xc8/v2.30/avr/bin/../lib/gcc/avr/5.4.0/../../../../avr/lib/avrxmega3/libc.a(sprintf.o) (vfprintf)
/opt/microchip/xc8/v2.30/avr/bin/../lib/gcc/avr/5.4.0/../../../../avr/lib/avrxmega3/libc.a(strnlen_P.o)
                              /opt/microchip/xc8/v2.30/avr/bin/../lib/gcc/avr/5.4.0/../../../../avr/lib/avrxmega3/libc.a(vfprintf_std.o) (strnlen_P)
/opt/microchip/xc8/v2.30/avr/bin/../lib/gcc/avr/5.4.0/../../../../avr/lib/avrxmega3/libc.a(strnlen.o)
                              /opt/microchip/xc8/v2.30/avr/bin/../lib/gcc/avr/5.4.0/../../../../avr/lib/avrxmega3/libc.a(vfprintf_std.o) (strnlen)
/opt/microchip/xc8/v2.30/avr/bin/../lib/gcc/avr/5.4.0/../../../../avr/lib/avrxmega3/libc.a(fputc.o)
                              /opt/microchip/xc8/v2.30/avr/bin/../lib/gcc/avr/5.4.0/../../../../avr/lib/avrxmega3/libc.a(vfprintf_std.o) (fputc)
/opt/microchip/xc8/v2.30/avr/bin/../lib/gcc/avr/5.4.0/../../../../avr/lib/avrxmega3/libc.a(ultoa_invert.o)
                              /opt/microchip/xc8/v2.30/avr/bin/../lib/gcc/avr/5.4.0/../../../../avr/lib/avrxmega3/libc.a(vfprintf_std.o) (__ultoa_invert)
/opt/microchip/xc8/v2.30/avr/bin/../lib/gcc/avr/5.4.0/avrxmega3/libgcc.a(_prologue.o)
                              /opt/microchip/xc8/v2.30/avr/bin/../lib/gcc/avr/5.4.0/../../../../avr/lib/avrxmega3/libc.a(sprintf.o) (__prologue_saves__)
/opt/microchip/xc8/v2.30/avr/bin/../lib/gcc/avr/5.4.0/avrxmega3/libgcc.a(_epilogue.o)
                              /opt/microchip/xc8/v2.30/avr/bin/../lib/gcc/avr/5.4.0/../../../../avr/lib/avrxmega3/libc.a(sprintf.o) (__epilogue_restores__)

Allocating common symbols
Common symbol       size              file

rpm                 0x2               build/default/production/main.o
count               0x2               build/default/production/main.o

Discarded input sections

 .data          0x0000000000000000        0x0 /opt/microchip/mplabx/v5.40/packs/Microchip/ATmega_DFP/2.2.108/xc8/avr/lib/avrxmega3/crtatmega4809.o
 .bss           0x0000000000000000        0x0 /opt/microchip/mplabx/v5.40/packs/Microchip/ATmega_DFP/2.2.108/xc8/avr/lib/avrxmega3/crtatmega4809.o
 .text          0x0000000000000000        0x0 build/default/production/main.o
 .data          0x0000000000000000        0x0 build/default/production/main.o
 .bss           0x0000000000000000        0x0 build/default/production/main.o
 .text          0x0000000000000000        0x0 build/default/production/lcd.o
 .data          0x0000000000000000        0x0 build/default/production/lcd.o
 .bss           0x0000000000000000        0x0 build/default/production/lcd.o
 .text.toggle_e
                0x0000000000000000       0x14 build/default/production/lcd.o
 .text.lcd_write
                0x0000000000000000      0x104 build/default/production/lcd.o
 .text.lcd_read
                0x0000000000000000       0xaa build/default/production/lcd.o
 .text.lcd_waitbusy
                0x0000000000000000       0x16 build/default/production/lcd.o
 .text.lcd_command
                0x0000000000000000       0x14 build/default/production/lcd.o
 .text.lcd_data
                0x0000000000000000       0x14 build/default/production/lcd.o
 .text.lcd_gotoxy
                0x0000000000000000       0x14 build/default/production/lcd.o
 .text.lcd_getxy
                0x0000000000000000        0x8 build/default/production/lcd.o
 .text.lcd_clrscr
                0x0000000000000000        0x8 build/default/production/lcd.o
 .text.lcd_home
                0x0000000000000000        0x8 build/default/production/lcd.o
 .text.lcd_putc
                0x0000000000000000       0x2a build/default/production/lcd.o
 .text.lcd_puts
                0x0000000000000000       0x20 build/default/production/lcd.o
 .text.lcd_init
                0x0000000000000000       0x8a build/default/production/lcd.o
 .debug_info    0x0000000000000000      0xac1 build/default/production/lcd.o
 .debug_abbrev  0x0000000000000000      0x20b build/default/production/lcd.o
 .debug_loc     0x0000000000000000      0x48e build/default/production/lcd.o
 .debug_aranges
                0x0000000000000000       0x80 build/default/production/lcd.o
 .debug_ranges  0x0000000000000000       0x70 build/default/production/lcd.o
 .debug_line    0x0000000000000000      0x548 build/default/production/lcd.o
 .debug_str     0x0000000000000000        0x0 build/default/production/lcd.o
 .comment       0x0000000000000000       0x30 build/default/production/lcd.o
 .debug_frame   0x0000000000000000      0x11c build/default/production/lcd.o
 .text          0x0000000000000000        0x0 /opt/microchip/xc8/v2.30/avr/bin/../lib/gcc/avr/5.4.0/avrxmega3/libgcc.a(_exit.o)
 .data          0x0000000000000000        0x0 /opt/microchip/xc8/v2.30/avr/bin/../lib/gcc/avr/5.4.0/avrxmega3/libgcc.a(_exit.o)
 .bss           0x0000000000000000        0x0 /opt/microchip/xc8/v2.30/avr/bin/../lib/gcc/avr/5.4.0/avrxmega3/libgcc.a(_exit.o)
 .text.libgcc.mul
                0x0000000000000000        0x0 /opt/microchip/xc8/v2.30/avr/bin/../lib/gcc/avr/5.4.0/avrxmega3/libgcc.a(_exit.o)
 .text.libgcc.div
                0x0000000000000000        0x0 /opt/microchip/xc8/v2.30/avr/bin/../lib/gcc/avr/5.4.0/avrxmega3/libgcc.a(_exit.o)
 .text.libgcc   0x0000000000000000        0x0 /opt/microchip/xc8/v2.30/avr/bin/../lib/gcc/avr/5.4.0/avrxmega3/libgcc.a(_exit.o)
 .text.libgcc.prologue
                0x0000000000000000        0x0 /opt/microchip/xc8/v2.30/avr/bin/../lib/gcc/avr/5.4.0/avrxmega3/libgcc.a(_exit.o)
 .text.libgcc.builtins
                0x0000000000000000        0x0 /opt/microchip/xc8/v2.30/avr/bin/../lib/gcc/avr/5.4.0/avrxmega3/libgcc.a(_exit.o)
 .text.libgcc.fmul
                0x0000000000000000        0x0 /opt/microchip/xc8/v2.30/avr/bin/../lib/gcc/avr/5.4.0/avrxmega3/libgcc.a(_exit.o)
 .text.libgcc.fixed
                0x0000000000000000        0x0 /opt/microchip/xc8/v2.30/avr/bin/../lib/gcc/avr/5.4.0/avrxmega3/libgcc.a(_exit.o)
 .text          0x0000000000000000        0x0 /opt/microchip/xc8/v2.30/avr/bin/../lib/gcc/avr/5.4.0/avrxmega3/libgcc.a(_copy_data.o)
 .data          0x0000000000000000        0x0 /opt/microchip/xc8/v2.30/avr/bin/../lib/gcc/avr/5.4.0/avrxmega3/libgcc.a(_copy_data.o)
 .bss           0x0000000000000000        0x0 /opt/microchip/xc8/v2.30/avr/bin/../lib/gcc/avr/5.4.0/avrxmega3/libgcc.a(_copy_data.o)
 .text.libgcc.mul
                0x0000000000000000        0x0 /opt/microchip/xc8/v2.30/avr/bin/../lib/gcc/avr/5.4.0/avrxmega3/libgcc.a(_copy_data.o)
 .text.libgcc.div
                0x0000000000000000        0x0 /opt/microchip/xc8/v2.30/avr/bin/../lib/gcc/avr/5.4.0/avrxmega3/libgcc.a(_copy_data.o)
 .text.libgcc   0x0000000000000000        0x0 /opt/microchip/xc8/v2.30/avr/bin/../lib/gcc/avr/5.4.0/avrxmega3/libgcc.a(_copy_data.o)
 .text.libgcc.prologue
                0x0000000000000000        0x0 /opt/microchip/xc8/v2.30/avr/bin/../lib/gcc/avr/5.4.0/avrxmega3/libgcc.a(_copy_data.o)
 .text.libgcc.builtins
                0x0000000000000000        0x0 /opt/microchip/xc8/v2.30/avr/bin/../lib/gcc/avr/5.4.0/avrxmega3/libgcc.a(_copy_data.o)
 .text.libgcc.fmul
                0x0000000000000000        0x0 /opt/microchip/xc8/v2.30/avr/bin/../lib/gcc/avr/5.4.0/avrxmega3/libgcc.a(_copy_data.o)
 .text.libgcc.fixed
                0x0000000000000000        0x0 /opt/microchip/xc8/v2.30/avr/bin/../lib/gcc/avr/5.4.0/avrxmega3/libgcc.a(_copy_data.o)
 .text          0x0000000000000000        0x0 /opt/microchip/xc8/v2.30/avr/bin/../lib/gcc/avr/5.4.0/../../../../avr/lib/avrxmega3/libc.a(sprintf.o)
 .data          0x0000000000000000        0x0 /opt/microchip/xc8/v2.30/avr/bin/../lib/gcc/avr/5.4.0/../../../../avr/lib/avrxmega3/libc.a(sprintf.o)
 .bss           0x0000000000000000        0x0 /opt/microchip/xc8/v2.30/avr/bin/../lib/gcc/avr/5.4.0/../../../../avr/lib/avrxmega3/libc.a(sprintf.o)
 .text          0x0000000000000000        0x0 /opt/microchip/xc8/v2.30/avr/bin/../lib/gcc/avr/5.4.0/../../../../avr/lib/avrxmega3/libc.a(vfprintf_std.o)
 .data          0x0000000000000000        0x0 /opt/microchip/xc8/v2.30/avr/bin/../lib/gcc/avr/5.4.0/../../../../avr/lib/avrxmega3/libc.a(vfprintf_std.o)
 .bss           0x0000000000000000        0x0 /opt/microchip/xc8/v2.30/avr/bin/../lib/gcc/avr/5.4.0/../../../../avr/lib/avrxmega3/libc.a(vfprintf_std.o)
 .text          0x0000000000000000        0x0 /opt/microchip/xc8/v2.30/avr/bin/../lib/gcc/avr/5.4.0/../../../../avr/lib/avrxmega3/libc.a(strnlen_P.o)
 .data          0x0000000000000000        0x0 /opt/microchip/xc8/v2.30/avr/bin/../lib/gcc/avr/5.4.0/../../../../avr/lib/avrxmega3/libc.a(strnlen_P.o)
 .bss           0x0000000000000000        0x0 /opt/microchip/xc8/v2.30/avr/bin/../lib/gcc/avr/5.4.0/../../../../avr/lib/avrxmega3/libc.a(strnlen_P.o)
 .text          0x0000000000000000        0x0 /opt/microchip/xc8/v2.30/avr/bin/../lib/gcc/avr/5.4.0/../../../../avr/lib/avrxmega3/libc.a(strnlen.o)
 .data          0x0000000000000000        0x0 /opt/microchip/xc8/v2.30/avr/bin/../lib/gcc/avr/5.4.0/../../../../avr/lib/avrxmega3/libc.a(strnlen.o)
 .bss           0x0000000000000000        0x0 /opt/microchip/xc8/v2.30/avr/bin/../lib/gcc/avr/5.4.0/../../../../avr/lib/avrxmega3/libc.a(strnlen.o)
 .text          0x0000000000000000        0x0 /opt/microchip/xc8/v2.30/avr/bin/../lib/gcc/avr/5.4.0/../../../../avr/lib/avrxmega3/libc.a(fputc.o)
 .data          0x0000000000000000        0x0 /opt/microchip/xc8/v2.30/avr/bin/../lib/gcc/avr/5.4.0/../../../../avr/lib/avrxmega3/libc.a(fputc.o)
 .bss           0x0000000000000000        0x0 /opt/microchip/xc8/v2.30/avr/bin/../lib/gcc/avr/5.4.0/../../../../avr/lib/avrxmega3/libc.a(fputc.o)
 .text          0x0000000000000000        0x0 /opt/microchip/xc8/v2.30/avr/bin/../lib/gcc/avr/5.4.0/../../../../avr/lib/avrxmega3/libc.a(ultoa_invert.o)
 .data          0x0000000000000000        0x0 /opt/microchip/xc8/v2.30/avr/bin/../lib/gcc/avr/5.4.0/../../../../avr/lib/avrxmega3/libc.a(ultoa_invert.o)
 .bss           0x0000000000000000        0x0 /opt/microchip/xc8/v2.30/avr/bin/../lib/gcc/avr/5.4.0/../../../../avr/lib/avrxmega3/libc.a(ultoa_invert.o)
 .text          0x0000000000000000        0x0 /opt/microchip/xc8/v2.30/avr/bin/../lib/gcc/avr/5.4.0/avrxmega3/libgcc.a(_prologue.o)
 .data          0x0000000000000000        0x0 /opt/microchip/xc8/v2.30/avr/bin/../lib/gcc/avr/5.4.0/avrxmega3/libgcc.a(_prologue.o)
 .bss           0x0000000000000000        0x0 /opt/microchip/xc8/v2.30/avr/bin/../lib/gcc/avr/5.4.0/avrxmega3/libgcc.a(_prologue.o)
 .text.libgcc.mul
                0x0000000000000000        0x0 /opt/microchip/xc8/v2.30/avr/bin/../lib/gcc/avr/5.4.0/avrxmega3/libgcc.a(_prologue.o)
 .text.libgcc.div
                0x0000000000000000        0x0 /opt/microchip/xc8/v2.30/avr/bin/../lib/gcc/avr/5.4.0/avrxmega3/libgcc.a(_prologue.o)
 .text.libgcc   0x0000000000000000        0x0 /opt/microchip/xc8/v2.30/avr/bin/../lib/gcc/avr/5.4.0/avrxmega3/libgcc.a(_prologue.o)
 .text.libgcc.builtins
                0x0000000000000000        0x0 /opt/microchip/xc8/v2.30/avr/bin/../lib/gcc/avr/5.4.0/avrxmega3/libgcc.a(_prologue.o)
 .text.libgcc.fmul
                0x0000000000000000        0x0 /opt/microchip/xc8/v2.30/avr/bin/../lib/gcc/avr/5.4.0/avrxmega3/libgcc.a(_prologue.o)
 .text.libgcc.fixed
                0x0000000000000000        0x0 /opt/microchip/xc8/v2.30/avr/bin/../lib/gcc/avr/5.4.0/avrxmega3/libgcc.a(_prologue.o)
 .text          0x0000000000000000        0x0 /opt/microchip/xc8/v2.30/avr/bin/../lib/gcc/avr/5.4.0/avrxmega3/libgcc.a(_epilogue.o)
 .data          0x0000000000000000        0x0 /opt/microchip/xc8/v2.30/avr/bin/../lib/gcc/avr/5.4.0/avrxmega3/libgcc.a(_epilogue.o)
 .bss           0x0000000000000000        0x0 /opt/microchip/xc8/v2.30/avr/bin/../lib/gcc/avr/5.4.0/avrxmega3/libgcc.a(_epilogue.o)
 .text.libgcc.mul
                0x0000000000000000        0x0 /opt/microchip/xc8/v2.30/avr/bin/../lib/gcc/avr/5.4.0/avrxmega3/libgcc.a(_epilogue.o)
 .text.libgcc.div
                0x0000000000000000        0x0 /opt/microchip/xc8/v2.30/avr/bin/../lib/gcc/avr/5.4.0/avrxmega3/libgcc.a(_epilogue.o)
 .text.libgcc   0x0000000000000000        0x0 /opt/microchip/xc8/v2.30/avr/bin/../lib/gcc/avr/5.4.0/avrxmega3/libgcc.a(_epilogue.o)
 .text.libgcc.builtins
                0x0000000000000000        0x0 /opt/microchip/xc8/v2.30/avr/bin/../lib/gcc/avr/5.4.0/avrxmega3/libgcc.a(_epilogue.o)
 .text.libgcc.fmul
                0x0000000000000000        0x0 /opt/microchip/xc8/v2.30/avr/bin/../lib/gcc/avr/5.4.0/avrxmega3/libgcc.a(_epilogue.o)
 .text.libgcc.fixed
                0x0000000000000000        0x0 /opt/microchip/xc8/v2.30/avr/bin/../lib/gcc/avr/5.4.0/avrxmega3/libgcc.a(_epilogue.o)

Memory Configuration

Name             Origin             Length             Attributes
text             0x0000000000000000 0x000000000000c000 xr
data             0x0000000000802800 0x0000000000001800 rw !x
eeprom           0x0000000000810000 0x0000000000000100 rw !x
fuse             0x0000000000820000 0x000000000000000a rw !x
lock             0x0000000000830000 0x0000000000000400 rw !x
signature        0x0000000000840000 0x0000000000000400 rw !x
user_signatures  0x0000000000850000 0x0000000000000400 rw !x
*default*        0x0000000000000000 0xffffffffffffffff

Linker script and memory map

Address of section .data set to 0x802800
                0x0000000000004000                __RODATA_PM_OFFSET__ = 0x4000
LOAD /opt/microchip/mplabx/v5.40/packs/Microchip/ATmega_DFP/2.2.108/xc8/avr/lib/avrxmega3/crtatmega4809.o
                0x0000000000000001                __MPLAB_BUILD = 0x1
LOAD build/default/production/main.o
LOAD build/default/production/lcd.o
START GROUP
LOAD /opt/microchip/xc8/v2.30/avr/bin/../lib/gcc/avr/5.4.0/../../../../avr/lib/avrxmega3/libm.a
END GROUP
START GROUP
LOAD /opt/microchip/xc8/v2.30/avr/bin/../lib/gcc/avr/5.4.0/avrxmega3/libgcc.a
LOAD /opt/microchip/xc8/v2.30/avr/bin/../lib/gcc/avr/5.4.0/../../../../avr/lib/avrxmega3/libm.a
LOAD /opt/microchip/xc8/v2.30/avr/bin/../lib/gcc/avr/5.4.0/../../../../avr/lib/avrxmega3/libc.a
LOAD /opt/microchip/mplabx/v5.40/packs/Microchip/ATmega_DFP/2.2.108/xc8/avr/lib/avrxmega3/libatmega4809.a
END GROUP
                [0x0000000000000000]                __TEXT_REGION_ORIGIN__ = DEFINED (__TEXT_REGION_ORIGIN__)?__TEXT_REGION_ORIGIN__:0x0
                [0x0000000000802800]                __DATA_REGION_ORIGIN__ = DEFINED (__DATA_REGION_ORIGIN__)?__DATA_REGION_ORIGIN__:0x802000
                [0x000000000000c000]                __TEXT_REGION_LENGTH__ = DEFINED (__TEXT_REGION_LENGTH__)?__TEXT_REGION_LENGTH__:0x100000
                [0x0000000000001800]                __DATA_REGION_LENGTH__ = DEFINED (__DATA_REGION_LENGTH__)?__DATA_REGION_LENGTH__:0xffa0
                [0x0000000000000100]                __EEPROM_REGION_LENGTH__ = DEFINED (__EEPROM_REGION_LENGTH__)?__EEPROM_REGION_LENGTH__:0x10000
                [0x000000000000000a]                __FUSE_REGION_LENGTH__ = DEFINED (__FUSE_REGION_LENGTH__)?__FUSE_REGION_LENGTH__:0x400
                0x0000000000000400                __LOCK_REGION_LENGTH__ = DEFINED (__LOCK_REGION_LENGTH__)?__LOCK_REGION_LENGTH__:0x400
                0x0000000000000400                __SIGNATURE_REGION_LENGTH__ = DEFINED (__SIGNATURE_REGION_LENGTH__)?__SIGNATURE_REGION_LENGTH__:0x400
                0x0000000000000400                __USER_SIGNATURE_REGION_LENGTH__ = DEFINED (__USER_SIGNATURE_REGION_LENGTH__)?__USER_SIGNATURE_REGION_LENGTH__:0x400
                0x0000000000008000                __RODATA_PM_OFFSET__ = DEFINED (__RODATA_PM_OFFSET__)?__RODATA_PM_OFFSET__:0x8000

.hash
 *(.hash)

.dynsym
 *(.dynsym)

.dynstr
 *(.dynstr)

.gnu.version
 *(.gnu.version)

.gnu.version_d
 *(.gnu.version_d)

.gnu.version_r
 *(.gnu.version_r)

.rel.init
 *(.rel.init)

.rela.init
 *(.rela.init)

.rel.text
 *(.rel.text)
 *(.rel.text.*)
 *(.rel.gnu.linkonce.t*)

.rela.text
 *(.rela.text)
 *(.rela.text.*)
 *(.rela.gnu.linkonce.t*)

.rel.fini
 *(.rel.fini)

.rela.fini
 *(.rela.fini)

.rel.rodata
 *(.rel.rodata)
 *(.rel.rodata.*)
 *(.rel.gnu.linkonce.r*)

.rela.rodata
 *(.rela.rodata)
 *(.rela.rodata.*)
 *(.rela.gnu.linkonce.r*)

.rel.data
 *(.rel.data)
 *(.rel.data.*)
 *(.rel.gnu.linkonce.d*)

.rela.data
 *(.rela.data)
 *(.rela.data.*)
 *(.rela.gnu.linkonce.d*)

.rel.ctors
 *(.rel.ctors)

.rela.ctors
 *(.rela.ctors)

.rel.dtors
 *(.rel.dtors)

.rela.dtors
 *(.rela.dtors)

.rel.got
 *(.rel.got)

.rela.got
 *(.rela.got)

.rel.bss
 *(.rel.bss)

.rela.bss
 *(.rela.bss)

.rel.plt
 *(.rel.plt)

.rela.plt
 *(.rela.plt)

.text           0x0000000000000000       0xfa
 *(.vectors)
 .vectors       0x0000000000000000       0xa0 /opt/microchip/mplabx/v5.40/packs/Microchip/ATmega_DFP/2.2.108/xc8/avr/lib/avrxmega3/crtatmega4809.o
                0x0000000000000000                __vectors
                0x0000000000000000                __vector_default
 *(.vectors)
 *(.progmem.gcc*)
 *(.dinit)
 .dinit         0x00000000000000a0        0x5 data_init
                0x00000000000000a6                . = ALIGN (0x2)
 *fill*         0x00000000000000a5        0x1 
                0x00000000000000a6                __trampolines_start = .
 *(.trampolines)
 .trampolines   0x00000000000000a6        0x0 linker stubs
 *(.trampolines*)
                0x00000000000000a6                __trampolines_end = .
 *libprintf_flt.a:*(.progmem.data)
 *libc.a:*(.progmem.data)
                0x00000000000000a6                . = ALIGN (0x2)
 *(.jumptables)
 *(.jumptables*)
 *(.lowtext)
 *(.lowtext*)
                0x00000000000000a6                __ctors_start = .
 *(.ctors)
                0x00000000000000a6                __ctors_end = .
                0x00000000000000a6                __dtors_start = .
 *(.dtors)
                0x00000000000000a6                __dtors_end = .
 SORT(*)(.ctors)
 SORT(*)(.dtors)
 *(.init0)
 .init0         0x00000000000000a6        0x0 /opt/microchip/mplabx/v5.40/packs/Microchip/ATmega_DFP/2.2.108/xc8/avr/lib/avrxmega3/crtatmega4809.o
                0x00000000000000a6                __init
 *(.init0)
 *(.init1)
 *(.init1)
 *(.init2)
 .init2         0x00000000000000a6        0xc /opt/microchip/mplabx/v5.40/packs/Microchip/ATmega_DFP/2.2.108/xc8/avr/lib/avrxmega3/crtatmega4809.o
 *(.init2)
 *(.init3)
 *(.init3)
 *(.init4)
 .init4         0x00000000000000b2       0x3c /opt/microchip/xc8/v2.30/avr/bin/../lib/gcc/avr/5.4.0/avrxmega3/libgcc.a(_copy_data.o)
                0x00000000000000b2                __do_copy_data
                0x00000000000000e0                __do_clear_bss
 *(.init4)
 *(.init5)
 *(.init5)
 *(.init6)
 *(.init6)
 *(.init7)
 *(.init7)
 *(.init8)
 *(.init8)
 *(.init9)
 .init9         0x00000000000000ee        0x8 /opt/microchip/mplabx/v5.40/packs/Microchip/ATmega_DFP/2.2.108/xc8/avr/lib/avrxmega3/crtatmega4809.o
 *(.init9)
                0x00000000000000f6                . = ALIGN (0x2)
 *(.fini9)
 .fini9         0x00000000000000f6        0x0 /opt/microchip/xc8/v2.30/avr/bin/../lib/gcc/avr/5.4.0/avrxmega3/libgcc.a(_exit.o)
                0x00000000000000f6                exit
                0x00000000000000f6                _exit
 *(.fini9)
 *(.fini8)
 *(.fini8)
 *(.fini7)
 *(.fini7)
 *(.fini6)
 *(.fini6)
 *(.fini5)
 *(.fini5)
 *(.fini4)
 *(.fini4)
 *(.fini3)
 *(.fini3)
 *(.fini2)
 *(.fini2)
 *(.fini1)
 *(.fini1)
 *(.fini0)
 .fini0         0x00000000000000f6        0x4 /opt/microchip/xc8/v2.30/avr/bin/../lib/gcc/avr/5.4.0/avrxmega3/libgcc.a(_exit.o)
 *(.fini0)
                0x00000000000000fa                _etext = .

.data           0x0000000000802800        0x0 load address 0x00000000000000fa
                [!provide]                        PROVIDE (__data_start, .)
 *(.gnu.linkonce.d*)
                0x0000000000802800                . = ALIGN (0x2)
                0x0000000000802800                _edata = .
                [!provide]                        PROVIDE (__data_end, .)

.bss            0x0000000000802800        0x4
                [!provide]                        PROVIDE (__bss_start, .)
 *(COMMON)
 COMMON         0x0000000000802800        0x4 build/default/production/main.o
                0x0000000000802800                rpm
                0x0000000000802802                count
                [!provide]                        PROVIDE (__bss_end, .)
                0x00000000000000fa                __data_load_start = LOADADDR (.data)
                0x00000000000000fa                __data_load_end = (__data_load_start + SIZEOF (.data))

.noinit         0x0000000000802804        0x0
                [!provide]                        PROVIDE (__noinit_start, .)
 *(.noinit*)
                [!provide]                        PROVIDE (__noinit_end, .)
                0x0000000000802804                _end = .

.eeprom         0x0000000000810000        0x0
 *(.eeprom*)
                0x0000000000810000                __eeprom_end = .

.fuse
 *(.fuse)
 *(.lfuse)
 *(.hfuse)
 *(.efuse)

.lock
 *(.lock*)

.signature
 *(.signature*)

.user_signatures
 *(.user_signatures*)

.stab
 *(.stab)

.stabstr
 *(.stabstr)

.stab.excl
 *(.stab.excl)

.stab.exclstr
 *(.stab.exclstr)

.stab.index
 *(.stab.index)

.stab.indexstr
 *(.stab.indexstr)

.comment        0x0000000000000000       0x5b
 *(.comment)
 .comment       0x0000000000000000       0x2f build/default/production/main.o
                                         0x30 (size before relaxing)
 .comment       0x000000000000002f       0x2c /opt/microchip/xc8/v2.30/avr/bin/../lib/gcc/avr/5.4.0/../../../../avr/lib/avrxmega3/libc.a(sprintf.o)
                                         0x2d (size before relaxing)
 .comment       0x000000000000005b       0x2d /opt/microchip/xc8/v2.30/avr/bin/../lib/gcc/avr/5.4.0/../../../../avr/lib/avrxmega3/libc.a(vfprintf_std.o)
 .comment       0x000000000000005b       0x2d /opt/microchip/xc8/v2.30/avr/bin/../lib/gcc/avr/5.4.0/../../../../avr/lib/avrxmega3/libc.a(fputc.o)

.note.gnu.build-id
 *(.note.gnu.build-id)

.debug
 *(.debug)

.line
 *(.line)

.debug_srcinfo
 *(.debug_srcinfo)

.debug_sfnames
 *(.debug_sfnames)

.debug_aranges  0x0000000000000000       0x60
 *(.debug_aranges)
 .debug_aranges
                0x0000000000000000       0x60 build/default/production/main.o

.debug_pubnames
 *(.debug_pubnames)

.debug_info     0x0000000000000000     0x38a2
 *(.debug_info .gnu.linkonce.wi.*)
 .debug_info    0x0000000000000000     0x248a /opt/microchip/mplabx/v5.40/packs/Microchip/ATmega_DFP/2.2.108/xc8/avr/lib/avrxmega3/crtatmega4809.o
 .debug_info    0x000000000000248a     0x1418 build/default/production/main.o

.debug_abbrev   0x0000000000000000     0x256d
 *(.debug_abbrev)
 .debug_abbrev  0x0000000000000000     0x2296 /opt/microchip/mplabx/v5.40/packs/Microchip/ATmega_DFP/2.2.108/xc8/avr/lib/avrxmega3/crtatmega4809.o
 .debug_abbrev  0x0000000000002296      0x2d7 build/default/production/main.o

.debug_line     0x0000000000000000      0x546
 *(.debug_line .debug_line.* .debug_line_end)
 .debug_line    0x0000000000000000      0x187 /opt/microchip/mplabx/v5.40/packs/Microchip/ATmega_DFP/2.2.108/xc8/avr/lib/avrxmega3/crtatmega4809.o
 .debug_line    0x0000000000000187      0x3bf build/default/production/main.o

.debug_frame    0x0000000000000000       0xf0
 *(.debug_frame)
 .debug_frame   0x0000000000000000       0xf0 build/default/production/main.o

.debug_str      0x0000000000000000      0xfd5
 *(.debug_str)
 .debug_str     0x0000000000000000      0xf85 /opt/microchip/mplabx/v5.40/packs/Microchip/ATmega_DFP/2.2.108/xc8/avr/lib/avrxmega3/crtatmega4809.o
 .debug_str     0x0000000000000f85       0x50 build/default/production/main.o

.debug_loc      0x0000000000000000      0x347
 *(.debug_loc)
 .debug_loc     0x0000000000000000      0x347 build/default/production/main.o

.debug_macinfo
 *(.debug_macinfo)

.debug_weaknames
 *(.debug_weaknames)

.debug_funcnames
 *(.debug_funcnames)

.debug_typenames
 *(.debug_typenames)

.debug_varnames
 *(.debug_varnames)

.debug_pubtypes
 *(.debug_pubtypes)

.debug_ranges   0x0000000000000000       0x50
 *(.debug_ranges)
 .debug_ranges  0x0000000000000000       0x50 build/default/production/main.o

.debug_macro
 *(.debug_macro)
OUTPUT(dist/default/production/Projekt.X.production.elf elf32-avr)
LOAD linker stubs
LOAD data_init

.note.gnu.avr.deviceinfo
                0x0000000000000000       0x40
 .note.gnu.avr.deviceinfo
                0x0000000000000000       0x40 /opt/microchip/mplabx/v5.40/packs/Microchip/ATmega_DFP/2.2.108/xc8/avr/lib/avrxmega3/crtatmega4809.o

.bss.updateLCD  0x0000000000802806        0x1
 .bss.updateLCD
                0x0000000000802806        0x1 build/default/production/main.o
                0x0000000000802806                updateLCD

.bss.ADC        0x0000000000802804        0x2
 .bss.ADC       0x0000000000802804        0x2 build/default/production/main.o
                0x0000000000802804                ADC

.text.avrlibc   0x00000000000000fa      0x3c2
 .text.avrlibc  0x00000000000000fa      0x3c2 /opt/microchip/xc8/v2.30/avr/bin/../lib/gcc/avr/5.4.0/../../../../avr/lib/avrxmega3/libc.a(vfprintf_std.o)
                0x00000000000000fa                vfprintf

.text.main      0x00000000000004bc      0x13e
 .text.main     0x00000000000004bc      0x13e build/default/production/main.o
                0x00000000000004bc                main

.text.avrlibc   0x00000000000005fa       0xbc
 .text.avrlibc  0x00000000000005fa       0xbc /opt/microchip/xc8/v2.30/avr/bin/../lib/gcc/avr/5.4.0/../../../../avr/lib/avrxmega3/libc.a(ultoa_invert.o)
                0x00000000000005fa                __ultoa_invert

.text.avrlibc   0x00000000000006b6       0x78
 .text.avrlibc  0x00000000000006b6       0x78 /opt/microchip/xc8/v2.30/avr/bin/../lib/gcc/avr/5.4.0/../../../../avr/lib/avrxmega3/libc.a(fputc.o)
                0x00000000000006b6                fputc

.text.LCD_Init  0x000000000000072e       0x4a
 .text.LCD_Init
                0x000000000000072e       0x4a build/default/production/main.o
                0x000000000000072e                LCD_Init

.text.avrlibc   0x0000000000000778       0x44
 .text.avrlibc  0x0000000000000778       0x44 /opt/microchip/xc8/v2.30/avr/bin/../lib/gcc/avr/5.4.0/../../../../avr/lib/avrxmega3/libc.a(sprintf.o)
                0x0000000000000778                sprintf

.text.ADC0_init
                0x00000000000007bc       0x38
 .text.ADC0_init
                0x00000000000007bc       0x38 build/default/production/main.o
                0x00000000000007bc                ADC0_init

.text.__vector_22
                0x00000000000007f4       0x38
 .text.__vector_22
                0x00000000000007f4       0x38 build/default/production/main.o
                0x00000000000007f4                __vector_22

.text.libgcc.prologue
                0x000000000000082c       0x32
 .text.libgcc.prologue
                0x000000000000082c       0x32 /opt/microchip/xc8/v2.30/avr/bin/../lib/gcc/avr/5.4.0/avrxmega3/libgcc.a(_prologue.o)
                0x000000000000082c                __prologue_saves__

.text.libgcc.prologue
                0x000000000000085e       0x30
 .text.libgcc.prologue
                0x000000000000085e       0x30 /opt/microchip/xc8/v2.30/avr/bin/../lib/gcc/avr/5.4.0/avrxmega3/libgcc.a(_epilogue.o)
                0x000000000000085e                __epilogue_restores__

.text.LCD_Char  0x000000000000088e       0x2a
 .text.LCD_Char
                0x000000000000088e       0x2a build/default/production/main.o
                0x000000000000088e                LCD_Char

.text.LCD_Command
                0x00000000000008b8       0x24
 .text.LCD_Command
                0x00000000000008b8       0x24 build/default/production/main.o
                0x00000000000008b8                LCD_Command

.text.LCD_Clear
                0x00000000000008dc       0x22
 .text.LCD_Clear
                0x00000000000008dc       0x22 build/default/production/main.o
                0x00000000000008dc                LCD_Clear

.text.__vector_4
                0x00000000000008fe       0x22
 .text.__vector_4
                0x00000000000008fe       0x22 build/default/production/main.o
                0x00000000000008fe                __vector_4

.text.LCD_String
                0x0000000000000920       0x1e
 .text.LCD_String
                0x0000000000000920       0x1e build/default/production/main.o
                0x0000000000000920                LCD_String

.text.avrlibc   0x000000000000093e       0x16
 .text.avrlibc  0x000000000000093e       0x16 /opt/microchip/xc8/v2.30/avr/bin/../lib/gcc/avr/5.4.0/../../../../avr/lib/avrxmega3/libc.a(strnlen_P.o)
                0x000000000000093e                strnlen_P

.text.avrlibc   0x0000000000000954       0x16
 .text.avrlibc  0x0000000000000954       0x16 /opt/microchip/xc8/v2.30/avr/bin/../lib/gcc/avr/5.4.0/../../../../avr/lib/avrxmega3/libc.a(strnlen.o)
                0x0000000000000954                strnlen

.rodata         0x000000000080496a       0x10 load address 0x000000000000096a
 .rodata        0x000000000080496a       0x10 build/default/production/main.o

.text           0x000000000000097a        0x4
 .text          0x000000000000097a        0x4 /opt/microchip/mplabx/v5.40/packs/Microchip/ATmega_DFP/2.2.108/xc8/avr/lib/avrxmega3/crtatmega4809.o
                0x000000000000097a                __vector_38
                0x000000000000097a                __vector_28
                0x000000000000097a                __vector_1
                0x000000000000097a                __vector_32
                0x000000000000097a                __vector_34
                0x000000000000097a                __vector_24
                0x000000000000097a                __vector_12
                0x000000000000097a                __bad_interrupt
                0x000000000000097a                __vector_6
                0x000000000000097a                __vector_31
                0x000000000000097a                __vector_35
                0x000000000000097a                __vector_39
                0x000000000000097a                __vector_3
                0x000000000000097a                __vector_23
                0x000000000000097a                __vector_30
                0x000000000000097a                __vector_25
                0x000000000000097a                __vector_11
                0x000000000000097a                __vector_13
                0x000000000000097a                __vector_17
                0x000000000000097a                __vector_19
                0x000000000000097a                __vector_7
                0x000000000000097a                __vector_27
                0x000000000000097a                __vector_5
                0x000000000000097a                __vector_33
                0x000000000000097a                __vector_37
                0x000000000000097a                __vector_9
                0x000000000000097a                __vector_2
                0x000000000000097a                __vector_21
                0x000000000000097a                __vector_15
                0x000000000000097a                __vector_36
                0x000000000000097a                __vector_29
                0x000000000000097a                __vector_8
                0x000000000000097a                __vector_26
                0x000000000000097a                __vector_14
                0x000000000000097a                __vector_10
                0x000000000000097a                __vector_16
                0x000000000000097a                __vector_18
                0x000000000000097a                __vector_20
